157.55.39.189 - - [03/May/2022:19:59:56 -0400] TLSv1.2 ECDHE-RSA-AES128-GCM-SHA256 "GET /search?node=51&f%5B0%5D=%3A920&f%5B1%5D=supported_ngss_performance_expectations%3A818&f%5B2%5D=technology_requirements%3A2 HTTP/1.1" 200 10005 "-" "Mozilla/5.0 (compatible; bingbot/2.0; +http://www.bing.com/bingbot.htm)"
157.55.39.189 - - [03/May/2022:19:59:56 -0400] TLSv1.2 ECDHE-RSA-AES128-GCM-SHA256 "GET /search?f%5B0%5D=%3A10&f%5B1%5D=%3A69&f%5B2%5D=spheres%3A5&node=92 HTTP/1.1" 200 15925 "-" "Mozilla/5.0 (compatible; bingbot/2.0; +http://www.bing.com/bingbot.htm)"
157.55.39.189 - - [03/May/2022:19:59:56 -0400] TLSv1.2 ECDHE-RSA-AES128-GCM-SHA256 "GET /search?f%5B0%5D=%3A10&f%5B1%5D=%3A38&f%5B2%5D=%3A69&f%5B3%5D=grade_band%3A2&node=272 HTTP/1.1" 200 16516 "-" "Mozilla/5.0 (compatible; bingbot/2.0; +http://www.bing.com/bingbot.htm)"
157.55.39.189 - - [03/May/2022:19:59:56 -0400] TLSv1.2 ECDHE-RSA-AES128-GCM-SHA256 "GET /search?f%5B0%5D=%3A7&f%5B1%5D=%3A13&f%5B2%5D=ngss_disciplinary_core_ideas%3A14&node=103 HTTP/1.1" 200 12304 "-" "Mozilla/5.0 (compatible; bingbot/2.0; +http://www.bing.com/bingbot.htm)"
157.55.39.245 - - [03/May/2022:19:59:55 -0400] TLSv1.2 ECDHE-RSA-AES128-GCM-SHA256 "GET /search?node=69&f%5B0%5D=%3A18&f%5B1%5D=ngss_disciplinary_core_ideas%3A31&f%5B2%5D=ngss_science_and_engineering_practices%3A0 HTTP/1.1" 200 12343 "-" "Mozilla/5.0 (compatible; bingbot/2.0; +http://www.bing.com/bingbot.htm)"
157.55.39.229 - - [03/May/2022:20:00:01 -0400] TLSv1.2 ECDHE-RSA-AES128-GCM-SHA256 "GET /search?f%5B0%5D=%3A0&f%5B1%5D=%3A1&f%5B2%5D=grade_band%3A1&f%5B3%5D=ngss_disciplinary_core_ideas%3A32&f%5B4%5D=ngss_disciplinary_core_ideas%3A40&f%5B5%5D=supported_ngss_performance_expectations%3A414&node=9 HTTP/1.1" 200 11123 "-" "Mozilla/5.0 (compatible; bingbot/2.0; +http://www.bing.com/bingbot.htm)"
13.66.139.0 - - [03/May/2022:19:59:59 -0400] TLSv1.2 ECDHE-RSA-AES128-GCM-SHA256 "GET /search?f%5B0%5D=%3A8&f%5B1%5D=supported_ngss_performance_expectations%3A742&node=73&keys= HTTP/1.1" 200 10126 "-" "Mozilla/5.0 (compatible; bingbot/2.0; +http://www.bing.com/bingbot.htm)"
157.55.39.189 - - [03/May/2022:20:00:00 -0400] TLSv1.2 ECDHE-RSA-AES128-GCM-SHA256 "GET /search?f%5B0%5D=supported_ngss_performance_expectations%3A317&f%5B1%5D=supported_ngss_performance_expectations%3A816&f%5B2%5D=supported_ngss_performance_expectations%3A839&node=15 HTTP/1.1" 200 10335 "-" "Mozilla/5.0 (compatible; bingbot/2.0; +http://www.bing.com/bingbot.htm)"
157.55.39.189 - - [03/May/2022:20:00:00 -0400] TLSv1.2 ECDHE-RSA-AES128-GCM-SHA256 "GET /search?f%5B0%5D=%3A1&f%5B1%5D=%3A2&f%5B2%5D=%3A14&f%5B3%5D=ngss_science_and_engineering_practices%3A4&f%5B4%5D=supported_common_core_math%3A1115&node=226 HTTP/1.1" 200 13917 "-" "Mozilla/5.0 (compatible; bingbot/2.0; +http://www.bing.com/bingbot.htm)"
13.66.139.0 - - [03/May/2022:20:00:02 -0400] TLSv1.2 ECDHE-RSA-AES128-GCM-SHA256 "GET /search?f%5B0%5D=%3A1&f%5B1%5D=%3A54&f%5B2%5D=%3Arecenttopics&f%5B3%5D=%3Astemcareerconnections&f%5B4%5D=grade_band%3A0&f%5B5%5D=supported_ngss_performance_expectations%3A205&f%5B6%5D=supported_ngss_performance_expectations%3A351&node=229 HTTP/1.1" 200 10540 "-" "Mozilla/5.0 (compatible; bingbot/2.0; +http://www.bing.com/bingbot.htm)"
157.55.39.189 - - [03/May/2022:20:00:00 -0400] TLSv1.2 ECDHE-RSA-AES128-GCM-SHA256 "GET /search?f%5B0%5D=%3A20&f%5B1%5D=%3A70&f%5B2%5D=crosscutting_concepts%3A1&f%5B3%5D=ngss_disciplinary_core_ideas%3A33&f%5B4%5D=supported_ngss_performance_expectations%3A203&node=235 HTTP/1.1" 200 10595 "-" "Mozilla/5.0 (compatible; bingbot/2.0; +http://www.bing.com/bingbot.htm)"
156.68.181.214 - - [03/May/2022:20:00:01 -0400] TLSv1.2 ECDHE-RSA-AES128-GCM-SHA256 "GET /node/add/page HTTP/1.1" 200 40649 "https://mynasadata.larc.nasa.gov/node/add" "Mozilla/5.0 (Windows NT 10.0; WOW64) AppleWebKit/537.36 (KHTML, like Gecko) Chrome/100.0.4896.127 Safari/537.36"
34.116.25.70 - - [03/May/2022:20:00:04 -0400] TLSv1.2 ECDHE-RSA-AES128-GCM-SHA256 "GET /sites/default/files/2020-01/honga%20tonga.jpg HTTP/1.1" 200 1645663 "-" "Mozilla/5.0 (compatible; GoogleDocs; documents; +http://docs.google.com)"
157.55.39.189 - - [03/May/2022:20:00:05 -0400] TLSv1.2 ECDHE-RSA-AES128-GCM-SHA256 "GET /search?keys=Sea%20Surface%20Salinity&f%5B0%5D=%3A30&f%5B1%5D=phenomena%3A18 HTTP/1.1" 200 10188 "-" "Mozilla/5.0 (compatible; bingbot/2.0; +http://www.bing.com/bingbot.htm)"
13.66.139.0 - - [03/May/2022:20:00:03 -0400] TLSv1.2 ECDHE-RSA-AES128-GCM-SHA256 "GET /search?f%5B0%5D=%3A2&f%5B1%5D=lesson_duration%3A5&f%5B2%5D=ngss_disciplinary_core_ideas%3A30&f%5B3%5D=ngss_disciplinary_core_ideas%3A35&node=592 HTTP/1.1" 200 11536 "-" "Mozilla/5.0 (compatible; bingbot/2.0; +http://www.bing.com/bingbot.htm)"
157.55.39.189 - - [03/May/2022:20:00:03 -0400] TLSv1.2 ECDHE-RSA-AES128-GCM-SHA256 "GET /search?f%5B0%5D=%3A1&f%5B1%5D=%3A15&f%5B2%5D=%3A51&f%5B3%5D=%3A63&f%5B4%5D=ngss_disciplinary_core_ideas%3A33&f%5B5%5D=supported_ngss_performance_expectations%3A189&f%5B6%5D=supported_ngss_performance_expectations%3A531&f%5B7%5D=supported_ngss_performance_expectations%3A712&node=13 HTTP/1.1" 200 10312 "-" "Mozilla/5.0 (compatible; bingbot/2.0; +http://www.bing.com/bingbot.htm)"
157.55.39.245 - - [03/May/2022:20:00:03 -0400] TLSv1.2 ECDHE-RSA-AES128-GCM-SHA256 "GET /search?keys=Lesson%20Plans&f%5B0%5D=phenomena%3A18&f%5B1%5D=spheres%3A5 HTTP/1.1" 200 11187 "-" "Mozilla/5.0 (compatible; bingbot/2.0; +http://www.bing.com/bingbot.htm)"
13.66.139.0 - - [03/May/2022:20:00:04 -0400] TLSv1.2 ECDHE-RSA-AES128-GCM-SHA256 "GET /search?f%5B0%5D=%3A10&f%5B1%5D=%3A920&f%5B2%5D=supported_ngss_performance_expectations%3A227&node=272 HTTP/1.1" 200 10143 "-" "Mozilla/5.0 (compatible; bingbot/2.0; +http://www.bing.com/bingbot.htm)"
157.55.39.189 - - [03/May/2022:20:00:03 -0400] TLSv1.2 ECDHE-RSA-AES128-GCM-SHA256 "GET /search?keys=Sea%20Level%20Rise&f%5B0%5D=filter_by_ngss_disciplinary_core_ideas%3A30&f%5B1%5D=filter_crosscutting_concepts%3A1&f%5B2%5D=filter_phenomenon%3A68 HTTP/1.1" 200 14850 "-" "Mozilla/5.0 (compatible; bingbot/2.0; +http://www.bing.com/bingbot.htm)"
216.245.221.89 - - [03/May/2022:20:00:10 -0400] TLSv1.2 ECDHE-RSA-AES128-GCM-SHA256 "HEAD /EarthSystemLAS/UI.vm HTTP/1.1" 200 - "https://mynasadata.larc.nasa.gov/EarthSystemLAS/UI.vm#panelHeaderHidden=false;differences=false;autoContour=false;xCATID=C0E4ACE6C152B55584186DBAE096E2E4;xDSID=vegetation;varid=chlor_a-id-0ec30e9cf0;imageSize=auto;over=xy;compute=Nonetoken;tlo=01-Jan-2012%2000:00;thi=01-Jan-2012%2000:00;catid=C0E4ACE6C152B55584186DBAE096E2E4;dsid=vegetation;varid=chlor_a-id-0ec30e9cf0;avarcount=0;xlo=-179.9583;xhi=179.81;ylo=-89.9583;yhi=89.89;operation_id=Plot_2D_XY_zoom;view=xy" "Mozilla/5.0+(compatible; UptimeRobot/2.0; http://www.uptimerobot.com/)"
69.162.124.235 - - [03/May/2022:20:00:07 -0400] TLSv1.2 ECDHE-RSA-AES128-GCM-SHA256 "HEAD /atmosphere HTTP/1.1" 200 - "https://mynasadata.larc.nasa.gov/atmosphere" "Mozilla/5.0+(compatible; UptimeRobot/2.0; http://www.uptimerobot.com/)"
156.68.181.214 - - [03/May/2022:20:00:08 -0400] TLSv1.2 ECDHE-RSA-AES128-GCM-SHA256 "GET /admin/content HTTP/1.1" 200 18720 "https://mynasadata.larc.nasa.gov/node/add/page" "Mozilla/5.0 (Windows NT 10.0; WOW64) AppleWebKit/537.36 (KHTML, like Gecko) Chrome/100.0.4896.127 Safari/537.36"
157.55.39.229 - - [03/May/2022:20:00:08 -0400] TLSv1.2 ECDHE-RSA-AES128-GCM-SHA256 "GET /search?node=75&f%5B0%5D=supported_ngss_performance_expectations%3A754&keys= HTTP/1.1" 200 11646 "-" "Mozilla/5.0 (compatible; bingbot/2.0; +http://www.bing.com/bingbot.htm)"
185.191.171.45 - - [03/May/2022:20:00:09 -0400] TLSv1.2 ECDHE-RSA-AES128-GCM-SHA256 "GET /search?f%5B0%5D=filter_by_sphere_s_%3A1&keys&node=235&page=21 HTTP/1.1" 200 16751 "-" "Mozilla/5.0 (compatible; SemrushBot/7~bl; +http://www.semrush.com/bot.html)"
157.55.39.189 - - [03/May/2022:20:00:08 -0400] TLSv1.2 ECDHE-RSA-AES128-GCM-SHA256 "GET /search?node=51&f%5B0%5D=%3Aglobeconnections&f%5B1%5D=ngss_disciplinary_core_ideas%3A29&f%5B2%5D=supported_ngss_performance_expectations%3A398 HTTP/1.1" 200 10032 "-" "Mozilla/5.0 (compatible; bingbot/2.0; +http://www.bing.com/bingbot.htm)"
157.55.39.189 - - [03/May/2022:20:00:07 -0400] TLSv1.2 ECDHE-RSA-AES128-GCM-SHA256 "GET /search?f%5B0%5D=%3A1&f%5B1%5D=%3Apage&f%5B2%5D=lesson_duration%3A4&node=225 HTTP/1.1" 200 13345 "-" "Mozilla/5.0 (compatible; bingbot/2.0; +http://www.bing.com/bingbot.htm)"
157.55.39.189 - - [03/May/2022:20:00:07 -0400] TLSv1.2 ECDHE-RSA-AES128-GCM-SHA256 "GET /search?keys=MS-ESS3-3%3A%20Apply%20scientific%20principles%20to%20design%20a%20method%20for%20monitoring%20and%20minimizing%20a%20human%20impact%20on%20the%20environment.&f%5B0%5D=%3A2&f%5B1%5D=crosscutting_concepts%3A6 HTTP/1.1" 200 12634 "-" "Mozilla/5.0 (compatible; bingbot/2.0; +http://www.bing.com/bingbot.htm)"
157.55.39.229 - - [03/May/2022:20:00:11 -0400] TLSv1.2 ECDHE-RSA-AES128-GCM-SHA256 "GET /search?f%5B0%5D=%3A0&f%5B1%5D=%3A1&f%5B2%5D=crosscutting_concepts%3A0&f%5B3%5D=ngss_disciplinary_core_ideas%3A9&f%5B4%5D=ngss_disciplinary_core_ideas%3A32&f%5B5%5D=supported_ngss_performance_expectations%3A400&node=9 HTTP/1.1" 200 11306 "-" "Mozilla/5.0 (compatible; bingbot/2.0; +http://www.bing.com/bingbot.htm)"
157.55.39.189 - - [03/May/2022:20:00:11 -0400] TLSv1.2 ECDHE-RSA-AES128-GCM-SHA256 "GET /search?node=268&f%5B0%5D=%3A44&f%5B1%5D=supported_ngss_performance_expectations%3A771 HTTP/1.1" 200 12179 "-" "Mozilla/5.0 (compatible; bingbot/2.0; +http://www.bing.com/bingbot.htm)"
13.66.139.0 - - [03/May/2022:20:00:12 -0400] TLSv1.2 ECDHE-RSA-AES128-GCM-SHA256 "GET /search?f%5B0%5D=%3A1&f%5B1%5D=%3A1&f%5B2%5D=%3A11&f%5B3%5D=ngss_disciplinary_core_ideas%3A6&f%5B4%5D=supported_ngss_performance_expectations%3A441&f%5B5%5D=supported_ngss_performance_expectations%3A764&node=10 HTTP/1.1" 200 10413 "-" "Mozilla/5.0 (compatible; bingbot/2.0; +http://www.bing.com/bingbot.htm)"
157.55.39.245 - - [03/May/2022:20:00:11 -0400] TLSv1.2 ECDHE-RSA-AES128-GCM-SHA256 "GET /search?f%5B0%5D=%3A0&f%5B1%5D=%3A1&f%5B2%5D=ngss_science_and_engineering_practices%3A3&f%5B3%5D=supported_ngss_performance_expectations%3A431&f%5B4%5D=technology_requirements%3A1&f%5B5%5D=technology_requirements%3A2&node=9 HTTP/1.1" 200 11824 "-" "Mozilla/5.0 (compatible; bingbot/2.0; +http://www.bing.com/bingbot.htm)"
157.55.39.189 - - [03/May/2022:20:00:11 -0400] TLSv1.2 ECDHE-RSA-AES128-GCM-SHA256 "GET /search?f%5B0%5D=%3A62&f%5B1%5D=content_type%3Alesson_plans&node=336 HTTP/1.1" 200 16510 "-" "Mozilla/5.0 (compatible; bingbot/2.0; +http://www.bing.com/bingbot.htm)"
185.191.171.4 - - [03/May/2022:20:00:12 -0400] TLSv1.2 ECDHE-RSA-AES128-GCM-SHA256 "GET /search?f%5B0%5D=filter_by_sphere_s_%3A5&keys&node=197&page=284 HTTP/1.1" 200 17562 "-" "Mozilla/5.0 (compatible; SemrushBot/7~bl; +http://www.semrush.com/bot.html)"
185.246.208.82 - - [03/May/2022:20:00:16 -0400] TLSv1.2 ECDHE-RSA-AES128-GCM-SHA256 "GET /lesson-plans/revised-cloudy-vs-clear-graphs HTTP/1.1" 301 227 "-" "Pingdom.com_bot_version_1.4_(http://www.pingdom.com/)"
157.55.39.229 - - [03/May/2022:20:00:15 -0400] TLSv1.2 ECDHE-RSA-AES128-GCM-SHA256 "GET /search?f%5B0%5D=%3A14&f%5B1%5D=content_type%3Amaps_and_data&f%5B2%5D=supported_ngss_performance_expectations%3A305&f%5B3%5D=supported_ngss_performance_expectations%3A425&f%5B4%5D=supported_ngss_performance_expectations%3A804&node=115 HTTP/1.1" 200 12202 "-" "Mozilla/5.0 (compatible; bingbot/2.0; +http://www.bing.com/bingbot.htm)"
157.55.39.189 - - [03/May/2022:20:00:15 -0400] TLSv1.2 ECDHE-RSA-AES128-GCM-SHA256 "GET /search?f%5B0%5D=%3A1&f%5B1%5D=%3A68&f%5B2%5D=lesson_duration%3A3&node=228 HTTP/1.1" 200 14355 "-" "Mozilla/5.0 (compatible; bingbot/2.0; +http://www.bing.com/bingbot.htm)"
13.66.139.0 - - [03/May/2022:20:00:15 -0400] TLSv1.2 ECDHE-RSA-AES128-GCM-SHA256 "GET /search?keys=map&f%5B0%5D=%3A1&f%5B1%5D=%3A6&f%5B2%5D=spheres%3A4&f%5B3%5D=supported_ngss_performance_expectations%3A421&f%5B4%5D=supported_ngss_performance_expectations%3A755&f%5B5%5D=supported_ngss_performance_expectations%3A757 HTTP/1.1" 200 13308 "-" "Mozilla/5.0 (compatible; bingbot/2.0; +http://www.bing.com/bingbot.htm)"
157.55.39.189 - - [03/May/2022:20:00:15 -0400] TLSv1.2 ECDHE-RSA-AES128-GCM-SHA256 "GET /search?f%5B0%5D=%3A2&f%5B1%5D=%3A3&f%5B2%5D=%3A41&f%5B3%5D=spheres%3A4&f%5B4%5D=supported_common_core_math%3A1115&node=25 HTTP/1.1" 200 11688 "-" "Mozilla/5.0 (compatible; bingbot/2.0; +http://www.bing.com/bingbot.htm)"
157.55.39.189 - - [03/May/2022:20:00:15 -0400] TLSv1.2 ECDHE-RSA-AES128-GCM-SHA256 "GET /search?keys=Area&f%5B0%5D=%3A2558&f%5B1%5D=ngss_science_and_engineering_practices%3A0 HTTP/1.1" 200 14962 "-" "Mozilla/5.0 (compatible; bingbot/2.0; +http://www.bing.com/bingbot.htm)"
185.191.171.10 - - [03/May/2022:20:00:16 -0400] TLSv1.2 ECDHE-RSA-AES128-GCM-SHA256 "GET /search?f%5B0%5D=filter_by_sphere_s_%3A5&f%5B1%5D=filter_phenomenon%3A68&f%5B2%5D=filter_phenomenon%3A16&f%5B3%5D=filter_phenomenon%3A42&f%5B4%5D=filter_phenomenon%3A54&f%5B5%5D=filter_by_sphere_s_%3A4&keys&node=49&page=7 HTTP/1.1" 200 17572 "-" "Mozilla/5.0 (compatible; SemrushBot/7~bl; +http://www.semrush.com/bot.html)"
185.246.208.82 - - [03/May/2022:20:00:18 -0400] TLSv1.2 ECDHE-RSA-AES128-GCM-SHA256 "GET /lesson-plans/cloudy-vs-clear-graphs HTTP/1.1" 200 15793 "-" "Pingdom.com_bot_version_1.4_(http://www.pingdom.com/)"
157.55.39.189 - - [03/May/2022:20:00:19 -0400] TLSv1.2 ECDHE-RSA-AES128-GCM-SHA256 "GET /search?f%5B0%5D=%3A68&f%5B1%5D=%3A2558&f%5B2%5D=spheres%3A2&f%5B3%5D=supported_ngss_performance_expectations%3A316&f%5B4%5D=supported_ngss_performance_expectations%3A432&f%5B5%5D=supported_ngss_performance_expectations%3A437&node=128 HTTP/1.1" 200 12028 "-" "Mozilla/5.0 (compatible; bingbot/2.0; +http://www.bing.com/bingbot.htm)"
157.55.39.229 - - [03/May/2022:20:00:19 -0400] TLSv1.2 ECDHE-RSA-AES128-GCM-SHA256 "GET /search?f%5B0%5D=%3A1&f%5B1%5D=%3A15&f%5B2%5D=%3A17&f%5B3%5D=%3A920&f%5B4%5D=spheres%3A3&f%5B5%5D=supported_ngss_performance_expectations%3A441&f%5B6%5D=supported_ngss_performance_expectations%3A450&f%5B7%5D=supported_ngss_performance_expectations%3A479&f%5B8%5D=supported_ngss_performance_expectations%3A636&node=10 HTTP/1.1" 200 11624 "-" "Mozilla/5.0 (compatible; bingbot/2.0; +http://www.bing.com/bingbot.htm)"
157.55.39.189 - - [03/May/2022:20:00:19 -0400] TLSv1.2 ECDHE-RSA-AES128-GCM-SHA256 "GET /search?f%5B0%5D=%3A68&f%5B1%5D=%3Aglobeconnections&f%5B2%5D=supported_ngss_performance_expectations%3A305&f%5B3%5D=supported_ngss_performance_expectations%3A590&f%5B4%5D=supported_ngss_performance_expectations%3A627&f%5B5%5D=supported_ngss_performance_expectations%3A858&node=291 HTTP/1.1" 200 13508 "-" "Mozilla/5.0 (compatible; bingbot/2.0; +http://www.bing.com/bingbot.htm)"
156.68.181.214 - - [03/May/2022:20:00:22 -0400] TLSv1.2 ECDHE-RSA-AES128-GCM-SHA256 "GET /node/add HTTP/1.1" 200 7622 "https://mynasadata.larc.nasa.gov/admin/content" "Mozilla/5.0 (Windows NT 10.0; WOW64) AppleWebKit/537.36 (KHTML, like Gecko) Chrome/100.0.4896.127 Safari/537.36"
157.55.39.189 - - [03/May/2022:20:00:22 -0400] TLSv1.2 ECDHE-RSA-AES128-GCM-SHA256 "GET /search?f%5B0%5D=%3A1&f%5B1%5D=%3A14&f%5B2%5D=ngss_science_and_engineering_practices%3A1&f%5B3%5D=supported_ngss_performance_expectations%3A227&f%5B4%5D=supported_ngss_performance_expectations%3A414&f%5B5%5D=supported_ngss_performance_expectations%3A576&f%5B6%5D=supported_ngss_performance_expectations%3A858&node=115 HTTP/1.1" 200 11658 "-" "Mozilla/5.0 (compatible; bingbot/2.0; +http://www.bing.com/bingbot.htm)"
157.55.39.189 - - [03/May/2022:20:00:22 -0400] TLSv1.2 ECDHE-RSA-AES128-GCM-SHA256 "GET /search?node=160&f%5B0%5D=%3A51&f%5B1%5D=ngss_science_and_engineering_practices%3A5&f%5B2%5D=supported_ngss_performance_expectations%3A421&f%5B3%5D=supported_ngss_performance_expectations%3A450&f%5B4%5D=supported_ngss_performance_expectations%3A712&keys= HTTP/1.1" 200 11556 "-" "Mozilla/5.0 (compatible; bingbot/2.0; +http://www.bing.com/bingbot.htm)"
157.55.39.229 - - [03/May/2022:20:00:22 -0400] TLSv1.2 ECDHE-RSA-AES128-GCM-SHA256 "GET /search?f%5B0%5D=%3A4&f%5B1%5D=%3A45&f%5B2%5D=%3Astemcareerconnections&f%5B3%5D=ngss_disciplinary_core_ideas%3A11&f%5B4%5D=supported_ngss_performance_expectations%3A402&node=142 HTTP/1.1" 200 10529 "-" "Mozilla/5.0 (compatible; bingbot/2.0; +http://www.bing.com/bingbot.htm)"
157.55.39.245 - - [03/May/2022:20:00:22 -0400] TLSv1.2 ECDHE-RSA-AES128-GCM-SHA256 "GET /search?f%5B0%5D=%3A6&f%5B1%5D=%3A26&f%5B2%5D=crosscutting_concepts%3A6&node=83&keys=&page=1 HTTP/1.1" 200 14798 "-" "Mozilla/5.0 (compatible; bingbot/2.0; +http://www.bing.com/bingbot.htm)"
185.191.171.11 - - [03/May/2022:20:00:22 -0400] TLSv1.2 ECDHE-RSA-AES128-GCM-SHA256 "GET /search?f%5B0%5D=filter_by_sphere_s_%3A5&f%5B1%5D=filter_phenomenon%3A10&f%5B2%5D=filter_phenomenon%3A39&f%5B3%5D=filter_phenomenon%3A52&f%5B4%5D=filter_phenomenon%3A7&f%5B5%5D=filter_phenomenon%3A54&f%5B6%5D=filter_phenomenon%3A56&f%5B7%5D=filter_phenomenon%3A9&keys&node=49&page=252 HTTP/1.1" 200 17641 "-" "Mozilla/5.0 (compatible; SemrushBot/7~bl; +http://www.semrush.com/bot.html)"
34.116.25.70 - - [03/May/2022:20:00:26 -0400] TLSv1.2 ECDHE-RSA-AES128-GCM-SHA256 "GET /sites/default/files/2020-01/honga%20tonga.jpg HTTP/1.1" 200 1645663 "-" "Mozilla/5.0 (compatible; GoogleDocs; documents; +http://docs.google.com)"
157.55.39.229 - - [03/May/2022:20:00:26 -0400] TLSv1.2 ECDHE-RSA-AES128-GCM-SHA256 "GET /search?node=132&f%5B0%5D=%3A35&f%5B1%5D=supported_ngss_performance_expectations%3A141&f%5B2%5D=supported_ngss_performance_expectations%3A189&f%5B3%5D=supported_ngss_performance_expectations%3A744&f%5B4%5D=technology_requirements%3A3 HTTP/1.1" 200 11325 "-" "Mozilla/5.0 (compatible; bingbot/2.0; +http://www.bing.com/bingbot.htm)"
157.55.39.245 - - [03/May/2022:20:00:26 -0400] TLSv1.2 ECDHE-RSA-AES128-GCM-SHA256 "GET /search?f%5B0%5D=%3A7&f%5B1%5D=%3A61&f%5B2%5D=supported_ngss_performance_expectations%3A439&node=272 HTTP/1.1" 200 10035 "-" "Mozilla/5.0 (compatible; bingbot/2.0; +http://www.bing.com/bingbot.htm)"
157.55.39.189 - - [03/May/2022:20:00:26 -0400] TLSv1.2 ECDHE-RSA-AES128-GCM-SHA256 "GET /search?f%5B0%5D=filter_by_ngss_disciplinary_core_ideas%3A35&f%5B1%5D=filter_phenomenon%3A10&node=49 HTTP/1.1" 200 17641 "-" "Mozilla/5.0 (compatible; bingbot/2.0; +http://www.bing.com/bingbot.htm)"
185.191.171.41 - - [03/May/2022:20:00:27 -0400] TLSv1.2 ECDHE-RSA-AES128-GCM-SHA256 "GET /search?f%5B0%5D=filter_by_sphere_s_%3A5&f%5B1%5D=filter_phenomenon%3A68&f%5B2%5D=filter_phenomenon%3A69&f%5B3%5D=filter_phenomenon%3A62&keys&node=49&page=294 HTTP/1.1" 200 16880 "-" "Mozilla/5.0 (compatible; SemrushBot/7~bl; +http://www.semrush.com/bot.html)"
157.55.39.189 - - [03/May/2022:20:00:26 -0400] TLSv1.2 ECDHE-RSA-AES128-GCM-SHA256 "GET /search?f%5B0%5D=%3A0&f%5B1%5D=%3A1&f%5B2%5D=supported_ngss_performance_expectations%3A205&f%5B3%5D=supported_ngss_performance_expectations%3A408&f%5B4%5D=supported_ngss_performance_expectations%3A799&node=9 HTTP/1.1" 200 11970 "-" "Mozilla/5.0 (compatible; bingbot/2.0; +http://www.bing.com/bingbot.htm)"
156.68.181.214 - - [03/May/2022:20:00:27 -0400] TLSv1.2 ECDHE-RSA-AES128-GCM-SHA256 "GET /node/add/page HTTP/1.1" 200 40655 "https://mynasadata.larc.nasa.gov/node/add" "Mozilla/5.0 (Windows NT 10.0; WOW64) AppleWebKit/537.36 (KHTML, like Gecko) Chrome/100.0.4896.127 Safari/537.36"
157.55.39.245 - - [03/May/2022:20:00:30 -0400] TLSv1.2 ECDHE-RSA-AES128-GCM-SHA256 "GET /search?f%5B0%5D=%3A1&f%5B1%5D=%3A39&f%5B2%5D=%3A68&f%5B3%5D=ngss_disciplinary_core_ideas%3A33&f%5B4%5D=spheres%3A1&f%5B5%5D=supported_common_core_math%3A997&node=10 HTTP/1.1" 200 11196 "-" "Mozilla/5.0 (compatible; bingbot/2.0; +http://www.bing.com/bingbot.htm)"
157.55.39.245 - - [03/May/2022:20:00:30 -0400] TLSv1.2 ECDHE-RSA-AES128-GCM-SHA256 "GET /search?f%5B0%5D=%3A0&f%5B1%5D=%3A1&f%5B2%5D=spheres%3A5&f%5B3%5D=supported_ngss_performance_expectations%3A407&f%5B4%5D=supported_ngss_performance_expectations%3A411&node=9 HTTP/1.1" 200 10935 "-" "Mozilla/5.0 (compatible; bingbot/2.0; +http://www.bing.com/bingbot.htm)"
157.55.39.189 - - [03/May/2022:20:00:30 -0400] TLSv1.2 ECDHE-RSA-AES128-GCM-SHA256 "GET /search?keys=systems%20and%20systems%20models&f%5B0%5D=ngss_disciplinary_core_ideas%3A29&f%5B1%5D=ngss_science_and_engineering_practices%3A1&f%5B2%5D=spheres%3A5&f%5B3%5D=supported_ngss_performance_expectations%3A399&f%5B4%5D=technology_requirements%3A0 HTTP/1.1" 200 11113 "-" "Mozilla/5.0 (compatible; bingbot/2.0; +http://www.bing.com/bingbot.htm)"
98.50.108.32 - - [03/May/2022:20:00:33 -0400] TLSv1.2 ECDHE-RSA-AES128-GCM-SHA256 "GET /sites/default/files/inline-images/Electromagnetic_Spectrum_Diagram%20flipped_FINAL.png HTTP/1.1" 200 228273 "https://www.google.com/" "Mozilla/5.0 (iPhone; CPU iPhone OS 14_8 like Mac OS X) AppleWebKit/605.1.15 (KHTML, like Gecko) CriOS/101.0.4951.44 Mobile/15E148 Safari/604.1"
185.191.171.7 - - [03/May/2022:20:00:31 -0400] TLSv1.2 ECDHE-RSA-AES128-GCM-SHA256 "GET /search?f%5B0%5D=filter_by_sphere_s_%3A5&f%5B1%5D=filter_phenomenon%3A61&f%5B2%5D=filter_phenomenon%3A46&f%5B3%5D=filter_by_grade_band%3A2&f%5B4%5D=filter_phenomenon%3A69&keys&node=49&page=4 HTTP/1.1" 200 17635 "-" "Mozilla/5.0 (compatible; SemrushBot/7~bl; +http://www.semrush.com/bot.html)"
157.55.39.229 - - [03/May/2022:20:00:30 -0400] TLSv1.2 ECDHE-RSA-AES128-GCM-SHA256 "GET /search?f%5B0%5D=%3A0&f%5B1%5D=%3A1&f%5B2%5D=spheres%3A26&f%5B3%5D=supported_ngss_performance_expectations%3A436&f%5B4%5D=supported_ngss_performance_expectations%3A447&f%5B5%5D=supported_ngss_performance_expectations%3A765&node=9 HTTP/1.1" 200 11497 "-" "Mozilla/5.0 (compatible; bingbot/2.0; +http://www.bing.com/bingbot.htm)"
157.55.39.189 - - [03/May/2022:20:00:30 -0400] TLSv1.2 ECDHE-RSA-AES128-GCM-SHA256 "GET /search?node=6&f%5B0%5D=%3A17&f%5B1%5D=supported_common_core_math%3A1374 HTTP/1.1" 200 13612 "-" "Mozilla/5.0 (compatible; bingbot/2.0; +http://www.bing.com/bingbot.htm)"
185.93.3.65 - - [03/May/2022:20:00:36 -0400] TLSv1.2 ECDHE-RSA-AES128-GCM-SHA256 "GET /lesson-plans/revised-tropical-atlantic-aerosols-clouds HTTP/1.1" 301 235 "-" "Pingdom.com_bot_version_1.4_(http://www.pingdom.com/)"
157.55.39.189 - - [03/May/2022:20:00:33 -0400] TLSv1.2 ECDHE-RSA-AES128-GCM-SHA256 "GET /search?keys=research%20project&f%5B0%5D=%3A3&f%5B1%5D=supported_common_core_math%3A1145 HTTP/1.1" 200 10875 "-" "Mozilla/5.0 (compatible; bingbot/2.0; +http://www.bing.com/bingbot.htm)"
157.55.39.245 - - [03/May/2022:20:00:36 -0400] TLSv1.2 ECDHE-RSA-AES128-GCM-SHA256 "GET /search?node=6&keys=&f%5B0%5D=content_type%3Alesson_plans&f%5B1%5D=supported_ngss_performance_expectations%3A315 HTTP/1.1" 200 10543 "-" "Mozilla/5.0 (compatible; bingbot/2.0; +http://www.bing.com/bingbot.htm)"
157.55.39.189 - - [03/May/2022:20:00:33 -0400] TLSv1.2 ECDHE-RSA-AES128-GCM-SHA256 "GET /search?node=71&f%5B0%5D=%3A41&f%5B1%5D=supported_ngss_performance_expectations%3A109&f%5B2%5D=supported_ngss_performance_expectations%3A183 HTTP/1.1" 200 12329 "-" "Mozilla/5.0 (compatible; bingbot/2.0; +http://www.bing.com/bingbot.htm)"
157.55.39.245 - - [03/May/2022:20:00:33 -0400] TLSv1.2 ECDHE-RSA-AES128-GCM-SHA256 "GET /search?f%5B0%5D=%3A0&f%5B1%5D=%3A1&f%5B2%5D=supported_ngss_performance_expectations%3A316&f%5B3%5D=supported_ngss_performance_expectations%3A408&f%5B4%5D=supported_ngss_performance_expectations%3A762&node=9 HTTP/1.1" 200 12013 "-" "Mozilla/5.0 (compatible; bingbot/2.0; +http://www.bing.com/bingbot.htm)"
157.55.39.229 - - [03/May/2022:20:00:33 -0400] TLSv1.2 ECDHE-RSA-AES128-GCM-SHA256 "GET /search?f%5B0%5D=%3A0&f%5B1%5D=%3A1&f%5B2%5D=supported_ngss_performance_expectations%3A362&f%5B3%5D=supported_ngss_performance_expectations%3A414&f%5B4%5D=supported_ngss_performance_expectations%3A755&node=9 HTTP/1.1" 200 13114 "-" "Mozilla/5.0 (compatible; bingbot/2.0; +http://www.bing.com/bingbot.htm)"
185.191.171.7 - - [03/May/2022:20:00:36 -0400] TLSv1.2 ECDHE-RSA-AES128-GCM-SHA256 "GET /search?f%5B0%5D=filter_by_sphere_s_%3A5&f%5B1%5D=filter_phenomenon%3A10&f%5B2%5D=filter_phenomenon%3A38&f%5B3%5D=filter_by_content_type%3Apage&f%5B4%5D=filter_by_sphere_s_%3A26&keys&node=49&page=271 HTTP/1.1" 200 17679 "-" "Mozilla/5.0 (compatible; SemrushBot/7~bl; +http://www.semrush.com/bot.html)"
185.93.3.65 - - [03/May/2022:20:00:37 -0400] TLSv1.2 ECDHE-RSA-AES128-GCM-SHA256 "GET /lesson-plans/tropical-atlantic-aerosols-clouds HTTP/1.1" 403 8135 "-" "Pingdom.com_bot_version_1.4_(http://www.pingdom.com/)"
157.55.39.229 - - [03/May/2022:20:00:37 -0400] TLSv1.2 ECDHE-RSA-AES128-GCM-SHA256 "GET /search?keys=map&f%5B0%5D=%3A69&f%5B1%5D=crosscutting_concepts%3A3&f%5B2%5D=supported_ngss_performance_expectations%3A305&f%5B3%5D=technology_requirements%3A4 HTTP/1.1" 200 10291 "-" "Mozilla/5.0 (compatible; bingbot/2.0; +http://www.bing.com/bingbot.htm)"
157.55.39.245 - - [03/May/2022:20:00:37 -0400] TLSv1.2 ECDHE-RSA-AES128-GCM-SHA256 "GET /search?node=179&f%5B0%5D=%3Amapsanddata&f%5B1%5D=spheres%3A5&f%5B2%5D=supported_ngss_performance_expectations%3A739 HTTP/1.1" 200 10786 "-" "Mozilla/5.0 (compatible; bingbot/2.0; +http://www.bing.com/bingbot.htm)"
157.55.39.189 - - [03/May/2022:20:00:37 -0400] TLSv1.2 ECDHE-RSA-AES128-GCM-SHA256 "GET /search?keys=tools&f%5B0%5D=%3A3&f%5B1%5D=%3A4&f%5B2%5D=%3A62&f%5B3%5D=lesson_duration%3A1 HTTP/1.1" 200 10836 "-" "Mozilla/5.0 (compatible; bingbot/2.0; +http://www.bing.com/bingbot.htm)"
157.55.39.229 - - [03/May/2022:20:00:38 -0400] TLSv1.2 ECDHE-RSA-AES128-GCM-SHA256 "GET /search?f%5B0%5D=%3A1&f%5B1%5D=%3A2&f%5B2%5D=%3A32&f%5B3%5D=%3A33&f%5B4%5D=technology_requirements%3A4&node=10 HTTP/1.1" 200 15309 "-" "Mozilla/5.0 (compatible; bingbot/2.0; +http://www.bing.com/bingbot.htm)"
157.55.39.189 - - [03/May/2022:20:00:41 -0400] TLSv1.2 ECDHE-RSA-AES128-GCM-SHA256 "GET /search?f%5B0%5D=%3A0&f%5B1%5D=%3A1&f%5B2%5D=spheres%3A23&f%5B3%5D=spheres%3A26&f%5B4%5D=supported_ngss_performance_expectations%3A215&f%5B5%5D=supported_ngss_performance_expectations%3A401&node=9 HTTP/1.1" 200 10512 "-" "Mozilla/5.0 (compatible; bingbot/2.0; +http://www.bing.com/bingbot.htm)"
157.55.39.229 - - [03/May/2022:20:00:41 -0400] TLSv1.2 ECDHE-RSA-AES128-GCM-SHA256 "GET /search?f%5B0%5D=%3A0&f%5B1%5D=%3A1&f%5B2%5D=ngss_disciplinary_core_ideas%3A36&f%5B3%5D=supported_ngss_performance_expectations%3A443&f%5B4%5D=supported_ngss_performance_expectations%3A479&node=9 HTTP/1.1" 200 10277 "-" "Mozilla/5.0 (compatible; bingbot/2.0; +http://www.bing.com/bingbot.htm)"
157.55.39.245 - - [03/May/2022:20:00:41 -0400] TLSv1.2 ECDHE-RSA-AES128-GCM-SHA256 "GET /search?keys=graph&f%5B0%5D=filter_crosscutting_concepts%3A0&page=3 HTTP/1.1" 200 16300 "-" "Mozilla/5.0 (compatible; bingbot/2.0; +http://www.bing.com/bingbot.htm)"
157.55.39.245 - - [03/May/2022:20:00:43 -0400] TLSv1.2 ECDHE-RSA-AES128-GCM-SHA256 "GET /search?node=18&f%5B0%5D=%3A17&f%5B1%5D=crosscutting_concepts%3A1 HTTP/1.1" 200 15430 "-" "Mozilla/5.0 (compatible; bingbot/2.0; +http://www.bing.com/bingbot.htm)"
157.55.39.229 - - [03/May/2022:20:00:45 -0400] TLSv1.2 ECDHE-RSA-AES128-GCM-SHA256 "GET /search?f%5B0%5D=%3A68&f%5B1%5D=%3A69&f%5B2%5D=supported_common_core_math%3A1115&f%5B3%5D=supported_common_core_math%3A1365&f%5B4%5D=supported_ngss_performance_expectations%3A421&f%5B5%5D=supported_ngss_performance_expectations%3A655&f%5B6%5D=supported_ngss_performance_expectations%3A781&f%5B7%5D=technology_requirements%3A4&node=272 HTTP/1.1" 200 11062 "-" "Mozilla/5.0 (compatible; bingbot/2.0; +http://www.bing.com/bingbot.htm)"
207.46.13.27 - - [03/May/2022:20:00:46 -0400] TLSv1.2 ECDHE-RSA-AES128-GCM-SHA256 "GET /search?keys=Data%20Visualization%20Tool&f%5B0%5D=%3A2&f%5B1%5D=%3A26&f%5B2%5D=%3A69&f%5B3%5D=supported_ngss_performance_expectations%3A785 HTTP/1.1" 200 10584 "-" "Mozilla/5.0 (compatible; bingbot/2.0; +http://www.bing.com/bingbot.htm)"
157.55.39.189 - - [03/May/2022:20:00:45 -0400] TLSv1.2 ECDHE-RSA-AES128-GCM-SHA256 "GET /search?f%5B0%5D=%3A12&f%5B1%5D=%3A26&f%5B2%5D=supported_ngss_performance_expectations%3A109&f%5B3%5D=supported_ngss_performance_expectations%3A196&f%5B4%5D=supported_ngss_performance_expectations%3A762&f%5B5%5D=supported_ngss_performance_expectations%3A816&node=197 HTTP/1.1" 200 12934 "-" "Mozilla/5.0 (compatible; bingbot/2.0; +http://www.bing.com/bingbot.htm)"
157.55.39.229 - - [03/May/2022:20:00:47 -0400] TLSv1.2 ECDHE-RSA-AES128-GCM-SHA256 "GET /search?f%5B0%5D=%3A68&f%5B1%5D=%3A70&f%5B2%5D=supported_ngss_performance_expectations%3A161&f%5B3%5D=supported_ngss_performance_expectations%3A277&f%5B4%5D=supported_ngss_performance_expectations%3A431&f%5B5%5D=supported_ngss_performance_expectations%3A479&node=267 HTTP/1.1" 200 13033 "-" "Mozilla/5.0 (compatible; bingbot/2.0; +http://www.bing.com/bingbot.htm)"
157.55.39.189 - - [03/May/2022:20:00:45 -0400] TLSv1.2 ECDHE-RSA-AES128-GCM-SHA256 "GET /search?f%5B0%5D=%3A1&f%5B1%5D=%3A45&f%5B2%5D=supported_common_core_math%3A1074&f%5B3%5D=supported_ngss_performance_expectations%3A423&node=226 HTTP/1.1" 200 11054 "-" "Mozilla/5.0 (compatible; bingbot/2.0; +http://www.bing.com/bingbot.htm)"
157.55.39.245 - - [03/May/2022:20:00:45 -0400] TLSv1.2 ECDHE-RSA-AES128-GCM-SHA256 "GET /search?f%5B0%5D=%3A0&f%5B1%5D=%3A1&f%5B2%5D=ngss_science_and_engineering_practices%3A3&f%5B3%5D=supported_ngss_performance_expectations%3A109&f%5B4%5D=supported_ngss_performance_expectations%3A114&f%5B5%5D=supported_ngss_performance_expectations%3A432&node=9 HTTP/1.1" 200 14001 "-" "Mozilla/5.0 (compatible; bingbot/2.0; +http://www.bing.com/bingbot.htm)"
172.56.22.57 - - [03/May/2022:20:00:50 -0400] TLSv1.2 ECDHE-RSA-AES128-GCM-SHA256 "GET /sites/default/files/2019-04/1036382main_Hildt04.jpg HTTP/1.1" 200 28780 "https://www.google.com/" "Mozilla/5.0 (Linux; Android 8.1.0; SM-J727U Build/M1AJQ; wv) AppleWebKit/537.36 (KHTML, like Gecko) Version/4.0 Chrome/96.0.4664.104 Mobile Safari/537.36 GSA/13.1.16.23.arm"
146.165.254.29 - - [03/May/2022:20:00:49 -0400] TLSv1.2 ECDHE-RSA-AES128-GCM-SHA256 "GET / HTTP/1.1" 200 67076 "-" "Xymon xymonnet/4.3.21"
72.46.131.10 - - [03/May/2022:20:00:49 -0400] TLSv1.2 ECDHE-RSA-AES128-GCM-SHA256 "GET / HTTP/1.1" 200 10697 "-" "Pingdom.com_bot_version_1.4_(http://www.pingdom.com/)"
157.55.39.189 - - [03/May/2022:20:00:49 -0400] TLSv1.2 ECDHE-RSA-AES128-GCM-SHA256 "GET /search?keys=absorb&f%5B0%5D=%3A56&f%5B1%5D=supported_ngss_performance_expectations%3A739 HTTP/1.1" 200 11436 "-" "Mozilla/5.0 (compatible; bingbot/2.0; +http://www.bing.com/bingbot.htm)"
157.55.39.229 - - [03/May/2022:20:00:49 -0400] TLSv1.2 ECDHE-RSA-AES128-GCM-SHA256 "GET /search?f%5B0%5D=%3A12&f%5B1%5D=%3A38&f%5B2%5D=spheres%3A26&f%5B3%5D=supported_ngss_performance_expectations%3A196&f%5B4%5D=supported_ngss_performance_expectations%3A771&f%5B5%5D=supported_ngss_performance_expectations%3A858&node=13 HTTP/1.1" 200 12043 "-" "Mozilla/5.0 (compatible; bingbot/2.0; +http://www.bing.com/bingbot.htm)"
157.55.39.229 - - [03/May/2022:20:00:50 -0400] TLSv1.2 ECDHE-RSA-AES128-GCM-SHA256 "GET /search?f%5B0%5D=%3A1&f%5B1%5D=%3A16&f%5B2%5D=%3A54&f%5B3%5D=%3A56&f%5B4%5D=supported_ngss_performance_expectations%3A301&f%5B5%5D=supported_ngss_performance_expectations%3A576&f%5B6%5D=supported_ngss_performance_expectations%3A809&f%5B7%5D=technology_requirements%3A1&node=272 HTTP/1.1" 200 10965 "-" "Mozilla/5.0 (compatible; bingbot/2.0; +http://www.bing.com/bingbot.htm)"
24.175.229.187 - - [03/May/2022:20:00:52 -0400] TLSv1.2 ECDHE-RSA-AES128-GCM-SHA256 "GET /sites/default/files/inline-images/Electromagnetic_Spectrum_Diagram%20flipped_FINAL.png HTTP/1.1" 200 228273 "https://www.google.com/" "Mozilla/5.0 (iPhone; CPU iPhone OS 15_4_1 like Mac OS X) AppleWebKit/605.1.15 (KHTML, like Gecko) Version/15.4 Mobile/15E148 Safari/604.1"
156.68.181.214 - - [03/May/2022:20:00:51 -0400] TLSv1.2 ECDHE-RSA-AES128-GCM-SHA256 "POST /node/add/page HTTP/1.1" 303 218 "https://mynasadata.larc.nasa.gov/node/add/page" "Mozilla/5.0 (Windows NT 10.0; WOW64) AppleWebKit/537.36 (KHTML, like Gecko) Chrome/100.0.4896.127 Safari/537.36"
216.245.221.89 - - [03/May/2022:20:00:53 -0400] TLSv1.2 ECDHE-RSA-AES128-GCM-SHA256 "HEAD /EarthSystemLAS/UI.vm HTTP/1.1" 200 - "https://mynasadata.larc.nasa.gov/EarthSystemLAS/UI.vm#panelHeaderHidden=false;differences=false;autoContour=false;xCATID=EA87EC370E27DABCDB17E1A8C0CA1CBC;xDSID=atmos_temp;varid=tsa_tovs;imageSize=auto;over=xy;compute=Nonetoken;tlo=15-Jan-1994%2000:00;thi=15-Jan-1994%2000:00;catid=EA87EC370E27DABCDB17E1A8C0CA1CBC;dsid=atmos_temp;varid=tsa_tovs;avarcount=0;xlo=-180;xhi=180;ylo=-90;yhi=90;operation_id=Plot_2D_XY_zoom;view=xy" "Mozilla/5.0+(compatible; UptimeRobot/2.0; http://www.uptimerobot.com/)"
156.68.181.214 - - [03/May/2022:20:00:52 -0400] TLSv1.2 ECDHE-RSA-AES128-GCM-SHA256 "GET /basic-page/data-ciatations HTTP/1.1" 200 18817 "https://mynasadata.larc.nasa.gov/node/add/page" "Mozilla/5.0 (Windows NT 10.0; WOW64) AppleWebKit/537.36 (KHTML, like Gecko) Chrome/100.0.4896.127 Safari/537.36"
157.55.39.229 - - [03/May/2022:20:00:52 -0400] TLSv1.2 ECDHE-RSA-AES128-GCM-SHA256 "GET /search?f%5B0%5D=%3A68&f%5B1%5D=ngss_science_and_engineering_practices%3A1&f%5B2%5D=supported_ngss_performance_expectations%3A202&f%5B3%5D=supported_ngss_performance_expectations%3A354&f%5B4%5D=supported_ngss_performance_expectations%3A418&f%5B5%5D=supported_ngss_performance_expectations%3A576&node=179 HTTP/1.1" 200 12795 "-" "Mozilla/5.0 (compatible; bingbot/2.0; +http://www.bing.com/bingbot.htm)"
157.55.39.189 - - [03/May/2022:20:00:52 -0400] TLSv1.2 ECDHE-RSA-AES128-GCM-SHA256 "GET /search?f%5B0%5D=%3A4&f%5B1%5D=%3A7&f%5B2%5D=%3A70&f%5B3%5D=ngss_disciplinary_core_ideas%3A35&f%5B4%5D=spheres%3A26&node=61 HTTP/1.1" 200 14017 "-" "Mozilla/5.0 (compatible; bingbot/2.0; +http://www.bing.com/bingbot.htm)"
157.55.39.229 - - [03/May/2022:20:00:53 -0400] TLSv1.2 ECDHE-RSA-AES128-GCM-SHA256 "GET /search?f%5B0%5D=%3A6&f%5B1%5D=%3A6&f%5B2%5D=%3A56&f%5B3%5D=%3A70&f%5B4%5D=supported_ngss_performance_expectations%3A817&node=88 HTTP/1.1" 200 13182 "-" "Mozilla/5.0 (compatible; bingbot/2.0; +http://www.bing.com/bingbot.htm)"
157.55.39.245 - - [03/May/2022:20:00:53 -0400] TLSv1.2 ECDHE-RSA-AES128-GCM-SHA256 "GET /search?f%5B0%5D=%3A1&f%5B1%5D=%3A15&f%5B2%5D=%3A17&f%5B3%5D=%3A920&f%5B4%5D=supported_ngss_performance_expectations%3A212&f%5B5%5D=supported_ngss_performance_expectations%3A227&f%5B6%5D=supported_ngss_performance_expectations%3A441&f%5B7%5D=supported_ngss_performance_expectations%3A479&f%5B8%5D=supported_ngss_performance_expectations%3A811&node=10 HTTP/1.1" 200 13781 "-" "Mozilla/5.0 (compatible; bingbot/2.0; +http://www.bing.com/bingbot.htm)"
69.162.124.233 - - [03/May/2022:20:00:59 -0400] TLSv1.2 ECDHE-RSA-AES128-GCM-SHA256 "HEAD /themes/mynasadata_theme/img/mnd_logo.svg HTTP/1.1" 200 - "https://mynasadata.larc.nasa.gov/themes/mynasadata_theme/img/mnd_logo.svg" "Mozilla/5.0+(compatible; UptimeRobot/2.0; http://www.uptimerobot.com/)"
69.162.124.235 - - [03/May/2022:20:00:58 -0400] TLSv1.2 ECDHE-RSA-AES128-GCM-SHA256 "HEAD /search?f%5B0%5D=filter_by_sphere_s_%3A4&node=138 HTTP/1.1" 200 - "https://mynasadata.larc.nasa.gov/search?f%5B0%5D=filter_by_sphere_s_%3A4&node=138" "Mozilla/5.0+(compatible; UptimeRobot/2.0; http://www.uptimerobot.com/)"
156.68.181.214 - - [03/May/2022:20:00:56 -0400] TLSv1.2 ECDHE-RSA-AES128-GCM-SHA256 "POST /core/modules/statistics/statistics.php HTTP/1.1" 200 - "https://mynasadata.larc.nasa.gov/basic-page/data-ciatations" "Mozilla/5.0 (Windows NT 10.0; WOW64) AppleWebKit/537.36 (KHTML, like Gecko) Chrome/100.0.4896.127 Safari/537.36"
156.68.181.214 - - [03/May/2022:20:00:56 -0400] TLSv1.2 ECDHE-RSA-AES128-GCM-SHA256 "POST /history/728/read HTTP/1.1" 200 10 "https://mynasadata.larc.nasa.gov/basic-page/data-ciatations" "Mozilla/5.0 (Windows NT 10.0; WOW64) AppleWebKit/537.36 (KHTML, like Gecko) Chrome/100.0.4896.127 Safari/537.36"
156.68.181.214 - - [03/May/2022:20:00:56 -0400] TLSv1.2 ECDHE-RSA-AES128-GCM-SHA256 "POST /contextual/render HTTP/1.1" 200 198 "https://mynasadata.larc.nasa.gov/basic-page/data-ciatations" "Mozilla/5.0 (Windows NT 10.0; WOW64) AppleWebKit/537.36 (KHTML, like Gecko) Chrome/100.0.4896.127 Safari/537.36"
156.68.181.214 - - [03/May/2022:20:00:56 -0400] TLSv1.2 ECDHE-RSA-AES128-GCM-SHA256 "GET /basic-page/site.webmanifest HTTP/1.1" 404 8125 "https://mynasadata.larc.nasa.gov/basic-page/data-ciatations" "Mozilla/5.0 (Windows NT 10.0; WOW64) AppleWebKit/537.36 (KHTML, like Gecko) Chrome/100.0.4896.127 Safari/537.36"
157.55.39.189 - - [03/May/2022:20:00:56 -0400] TLSv1.2 ECDHE-RSA-AES128-GCM-SHA256 "GET /search?f%5B0%5D=%3A39&f%5B1%5D=%3A40&f%5B2%5D=ngss_disciplinary_core_ideas%3A37&f%5B3%5D=supported_common_core_math%3A1369&f%5B4%5D=technology_requirements%3A1&node=205 HTTP/1.1" 200 9331 "-" "Mozilla/5.0 (compatible; bingbot/2.0; +http://www.bing.com/bingbot.htm)"
157.55.39.229 - - [03/May/2022:20:00:56 -0400] TLSv1.2 ECDHE-RSA-AES128-GCM-SHA256 "GET /search?f%5B0%5D=%3A2&f%5B1%5D=%3A4&f%5B2%5D=%3A4&f%5B3%5D=supported_ngss_performance_expectations%3A114&f%5B4%5D=supported_ngss_performance_expectations%3A301&f%5B5%5D=supported_ngss_performance_expectations%3A437&node=288 HTTP/1.1" 200 12465 "-" "Mozilla/5.0 (compatible; bingbot/2.0; +http://www.bing.com/bingbot.htm)"
157.55.39.229 - - [03/May/2022:20:00:56 -0400] TLSv1.2 ECDHE-RSA-AES128-GCM-SHA256 "GET /search?f%5B0%5D=%3A1&f%5B1%5D=%3A14&f%5B2%5D=ngss_disciplinary_core_ideas%3A1&f%5B3%5D=supported_ngss_performance_expectations%3A315&f%5B4%5D=supported_ngss_performance_expectations%3A414&f%5B5%5D=supported_ngss_performance_expectations%3A437&f%5B6%5D=supported_ngss_performance_expectations%3A444&node=115 HTTP/1.1" 200 10498 "-" "Mozilla/5.0 (compatible; bingbot/2.0; +http://www.bing.com/bingbot.htm)"
157.55.39.245 - - [03/May/2022:20:00:56 -0400] TLSv1.2 ECDHE-RSA-AES128-GCM-SHA256 "GET /search?node=164&f%5B0%5D=%3A69&f%5B1%5D=supported_ngss_performance_expectations%3A479&f%5B2%5D=supported_ngss_performance_expectations%3A799&f%5B3%5D=supported_ngss_performance_expectations%3A813 HTTP/1.1" 200 12084 "-" "Mozilla/5.0 (compatible; bingbot/2.0; +http://www.bing.com/bingbot.htm)"
157.55.39.245 - - [03/May/2022:20:01:00 -0400] TLSv1.2 ECDHE-RSA-AES128-GCM-SHA256 "GET /search?node=75&f%5B0%5D=%3A17&f%5B1%5D=supported_ngss_performance_expectations%3A187&f%5B2%5D=supported_ngss_performance_expectations%3A242&f%5B3%5D=supported_ngss_performance_expectations%3A399&keys= HTTP/1.1" 200 13870 "-" "Mozilla/5.0 (compatible; bingbot/2.0; +http://www.bing.com/bingbot.htm)"
13.66.139.0 - - [03/May/2022:20:01:00 -0400] TLSv1.2 ECDHE-RSA-AES128-GCM-SHA256 "GET /search?node=44&f%5B0%5D=%3A5&f%5B1%5D=supported_ngss_performance_expectations%3A141&f%5B2%5D=supported_ngss_performance_expectations%3A317&keys= HTTP/1.1" 200 10904 "-" "Mozilla/5.0 (compatible; bingbot/2.0; +http://www.bing.com/bingbot.htm)"
157.55.39.229 - - [03/May/2022:20:01:00 -0400] TLSv1.2 ECDHE-RSA-AES128-GCM-SHA256 "GET /search?f%5B0%5D=%3A1&f%5B1%5D=%3A9&f%5B2%5D=%3A12&f%5B3%5D=supported_ngss_performance_expectations%3A197&f%5B4%5D=technology_requirements%3A2&node=88 HTTP/1.1" 200 11037 "-" "Mozilla/5.0 (compatible; bingbot/2.0; +http://www.bing.com/bingbot.htm)"
157.55.39.189 - - [03/May/2022:20:01:00 -0400] TLSv1.2 ECDHE-RSA-AES128-GCM-SHA256 "GET /search?f%5B0%5D=%3A0&f%5B1%5D=%3A1&f%5B2%5D=supported_ngss_performance_expectations%3A402&f%5B3%5D=supported_ngss_performance_expectations%3A436&node=9&keys=&page=3 HTTP/1.1" 200 14226 "-" "Mozilla/5.0 (compatible; bingbot/2.0; +http://www.bing.com/bingbot.htm)"
157.55.39.229 - - [03/May/2022:20:01:00 -0400] TLSv1.2 ECDHE-RSA-AES128-GCM-SHA256 "GET /search?f%5B0%5D=%3A1&f%5B1%5D=%3A10&f%5B2%5D=%3A11&f%5B3%5D=%3A38&f%5B4%5D=supported_ngss_performance_expectations%3A206&f%5B5%5D=supported_ngss_performance_expectations%3A419&f%5B6%5D=supported_ngss_performance_expectations%3A439&f%5B7%5D=supported_ngss_performance_expectations%3A799&node=10 HTTP/1.1" 200 12988 "-" "Mozilla/5.0 (compatible; bingbot/2.0; +http://www.bing.com/bingbot.htm)"
157.55.39.189 - - [03/May/2022:20:01:03 -0400] TLSv1.2 ECDHE-RSA-AES128-GCM-SHA256 "GET /search?keys=Plant%20Growth&f%5B0%5D=%3A920&f%5B1%5D=supported_ngss_performance_expectations%3A404&f%5B2%5D=technology_requirements%3A2 HTTP/1.1" 200 11059 "-" "Mozilla/5.0 (compatible; bingbot/2.0; +http://www.bing.com/bingbot.htm)"
13.66.139.0 - - [03/May/2022:20:01:04 -0400] TLSv1.2 ECDHE-RSA-AES128-GCM-SHA256 "GET /search?f%5B0%5D=%3A1&f%5B1%5D=%3A2&f%5B2%5D=%3A6&f%5B3%5D=%3A15&f%5B4%5D=grade_band%3A2&f%5B5%5D=supported_ngss_performance_expectations%3A443&f%5B6%5D=supported_ngss_performance_expectations%3A634&node=10 HTTP/1.1" 200 11148 "-" "Mozilla/5.0 (compatible; bingbot/2.0; +http://www.bing.com/bingbot.htm)"
157.55.39.245 - - [03/May/2022:20:01:04 -0400] TLSv1.2 ECDHE-RSA-AES128-GCM-SHA256 "GET /search?f%5B0%5D=%3A0&f%5B1%5D=%3A1&f%5B2%5D=grade_band%3A1&f%5B3%5D=supported_ngss_performance_expectations%3A187&f%5B4%5D=supported_ngss_performance_expectations%3A479&f%5B5%5D=supported_ngss_performance_expectations%3A740&node=9 HTTP/1.1" 200 14177 "-" "Mozilla/5.0 (compatible; bingbot/2.0; +http://www.bing.com/bingbot.htm)"
157.55.39.229 - - [03/May/2022:20:01:03 -0400] TLSv1.2 ECDHE-RSA-AES128-GCM-SHA256 "GET /search?f%5B0%5D=%3A1&f%5B1%5D=supported_common_core_math%3A1074&f%5B2%5D=supported_common_core_math%3A1210&node=446 HTTP/1.1" 200 15316 "-" "Mozilla/5.0 (compatible; bingbot/2.0; +http://www.bing.com/bingbot.htm)"
157.55.39.229 - - [03/May/2022:20:01:04 -0400] TLSv1.2 ECDHE-RSA-AES128-GCM-SHA256 "GET /search?f%5B0%5D=%3A1&f%5B1%5D=%3A15&f%5B2%5D=%3A17&f%5B3%5D=%3A920&f%5B4%5D=supported_ngss_performance_expectations%3A215&f%5B5%5D=supported_ngss_performance_expectations%3A401&f%5B6%5D=supported_ngss_performance_expectations%3A441&f%5B7%5D=supported_ngss_performance_expectations%3A479&node=10 HTTP/1.1" 200 13101 "-" "Mozilla/5.0 (compatible; bingbot/2.0; +http://www.bing.com/bingbot.htm)"
156.68.181.214 - - [03/May/2022:20:01:05 -0400] TLSv1.2 ECDHE-RSA-AES128-GCM-SHA256 "GET /node/728/edit HTTP/1.1" 200 46813 "https://mynasadata.larc.nasa.gov/basic-page/data-ciatations" "Mozilla/5.0 (Windows NT 10.0; WOW64) AppleWebKit/537.36 (KHTML, like Gecko) Chrome/100.0.4896.127 Safari/537.36"
216.245.221.89 - - [03/May/2022:20:01:10 -0400] TLSv1.2 ECDHE-RSA-AES128-GCM-SHA256 "HEAD /EarthSystemLAS/UI.vm HTTP/1.1" 200 - "https://mynasadata.larc.nasa.gov/EarthSystemLAS/UI.vm#panelHeaderHidden=false;differences=false;autoContour=false;xCATID=C0E4ACE6C152B55584186DBAE096E2E4;xDSID=vegetation;varid=chlor_a-id-0ec30e9cf0;imageSize=auto;over=xy;compute=Nonetoken;tlo=01-Jan-2012%2000:00;thi=01-Jan-2012%2000:00;catid=C0E4ACE6C152B55584186DBAE096E2E4;dsid=vegetation;varid=chlor_a-id-0ec30e9cf0;avarcount=0;xlo=-179.9583;xhi=179.81;ylo=-89.9583;yhi=89.89;operation_id=Plot_2D_XY_zoom;view=xy" "Mozilla/5.0+(compatible; UptimeRobot/2.0; http://www.uptimerobot.com/)"
69.162.124.235 - - [03/May/2022:20:01:07 -0400] TLSv1.2 ECDHE-RSA-AES128-GCM-SHA256 "HEAD /atmosphere HTTP/1.1" 200 - "https://mynasadata.larc.nasa.gov/atmosphere" "Mozilla/5.0+(compatible; UptimeRobot/2.0; http://www.uptimerobot.com/)"
13.66.139.0 - - [03/May/2022:20:01:07 -0400] TLSv1.2 ECDHE-RSA-AES128-GCM-SHA256 "GET /search?keys=systems%20and%20systems%20models&f%5B0%5D=ngss_disciplinary_core_ideas%3A18&f%5B1%5D=ngss_disciplinary_core_ideas%3A34&f%5B2%5D=ngss_disciplinary_core_ideas%3A35&f%5B3%5D=ngss_science_and_engineering_practices%3A2&f%5B4%5D=ngss_science_and_engineering_practices%3A6&f%5B5%5D=spheres%3A1 HTTP/1.1" 200 12421 "-" "Mozilla/5.0 AppleWebKit/537.36 (KHTML, like Gecko; compatible; bingbot/2.0; +http://www.bing.com/bingbot.htm) Chrome/100.0.4896.127 Safari/537.36"
157.55.39.229 - - [03/May/2022:20:01:07 -0400] TLSv1.2 ECDHE-RSA-AES128-GCM-SHA256 "GET /search?f%5B0%5D=%3A4&f%5B1%5D=supported_ngss_performance_expectations%3A199&f%5B2%5D=supported_ngss_performance_expectations%3A242&f%5B3%5D=supported_ngss_performance_expectations%3A813&node=102&keys= HTTP/1.1" 200 13785 "-" "Mozilla/5.0 (compatible; bingbot/2.0; +http://www.bing.com/bingbot.htm)"
157.55.39.245 - - [03/May/2022:20:01:07 -0400] TLSv1.2 ECDHE-RSA-AES128-GCM-SHA256 "GET /search?f%5B0%5D=%3A0&f%5B1%5D=%3A1&f%5B2%5D=grade_band%3A2&f%5B3%5D=supported_ngss_performance_expectations%3A192&f%5B4%5D=supported_ngss_performance_expectations%3A634&node=9 HTTP/1.1" 200 13473 "-" "Mozilla/5.0 (compatible; bingbot/2.0; +http://www.bing.com/bingbot.htm)"
157.55.39.189 - - [03/May/2022:20:01:07 -0400] TLSv1.2 ECDHE-RSA-AES128-GCM-SHA256 "GET /search?keys=absorb&f%5B0%5D=filter_phenomenon%3A51&f%5B1%5D=filter_phenomenon%3A54 HTTP/1.1" 200 15214 "-" "Mozilla/5.0 (compatible; bingbot/2.0; +http://www.bing.com/bingbot.htm)"